// Jest Snapshot v1, https://goo.gl/fbAQLP

exports[`renders when loading 1`] = `
<div
  className="sc-htoDjs eYXpaL"
  dangerouslySetInnerHTML={
    Object {
      "__html": "<svg xmlns=\\"http://www.w3.org/2000/svg\\" viewBox=\\"0 0 32 32\\">
  <circle cx=\\"16\\" cy=\\"3\\" r=\\"0\\">
    <animate attributeName=\\"r\\" values=\\"0;3;0;0\\" dur=\\"1s\\" repeatCount=\\"indefinite\\" begin=\\"0\\" keySplines=\\"0.2 0.2 0.4 0.8;0.2 0.2 0.4 0.8;0.2 0.2 0.4 0.8\\" calcMode=\\"spline\\" />
  </circle>
  <circle transform=\\"rotate(45 16 16)\\" cx=\\"16\\" cy=\\"3\\" r=\\"0\\">
    <animate attributeName=\\"r\\" values=\\"0;3;0;0\\" dur=\\"1s\\" repeatCount=\\"indefinite\\" begin=\\"0.125s\\" keySplines=\\"0.2 0.2 0.4 0.8;0.2 0.2 0.4 0.8;0.2 0.2 0.4 0.8\\" calcMode=\\"spline\\" />
  </circle>
  <circle transform=\\"rotate(90 16 16)\\" cx=\\"16\\" cy=\\"3\\" r=\\"0\\">
    <animate attributeName=\\"r\\" values=\\"0;3;0;0\\" dur=\\"1s\\" repeatCount=\\"indefinite\\" begin=\\"0.25s\\" keySplines=\\"0.2 0.2 0.4 0.8;0.2 0.2 0.4 0.8;0.2 0.2 0.4 0.8\\" calcMode=\\"spline\\" />
  </circle>
  <circle transform=\\"rotate(135 16 16)\\" cx=\\"16\\" cy=\\"3\\" r=\\"0\\">
    <animate attributeName=\\"r\\" values=\\"0;3;0;0\\" dur=\\"1s\\" repeatCount=\\"indefinite\\" begin=\\"0.375s\\" keySplines=\\"0.2 0.2 0.4 0.8;0.2 0.2 0.4 0.8;0.2 0.2 0.4 0.8\\" calcMode=\\"spline\\" />
  </circle>
  <circle transform=\\"rotate(180 16 16)\\" cx=\\"16\\" cy=\\"3\\" r=\\"0\\">
    <animate attributeName=\\"r\\" values=\\"0;3;0;0\\" dur=\\"1s\\" repeatCount=\\"indefinite\\" begin=\\"0.5s\\" keySplines=\\"0.2 0.2 0.4 0.8;0.2 0.2 0.4 0.8;0.2 0.2 0.4 0.8\\" calcMode=\\"spline\\" />
  </circle>
  <circle transform=\\"rotate(225 16 16)\\" cx=\\"16\\" cy=\\"3\\" r=\\"0\\">
    <animate attributeName=\\"r\\" values=\\"0;3;0;0\\" dur=\\"1s\\" repeatCount=\\"indefinite\\" begin=\\"0.625s\\" keySplines=\\"0.2 0.2 0.4 0.8;0.2 0.2 0.4 0.8;0.2 0.2 0.4 0.8\\" calcMode=\\"spline\\" />
  </circle>
  <circle transform=\\"rotate(270 16 16)\\" cx=\\"16\\" cy=\\"3\\" r=\\"0\\">
    <animate attributeName=\\"r\\" values=\\"0;3;0;0\\" dur=\\"1s\\" repeatCount=\\"indefinite\\" begin=\\"0.75s\\" keySplines=\\"0.2 0.2 0.4 0.8;0.2 0.2 0.4 0.8;0.2 0.2 0.4 0.8\\" calcMode=\\"spline\\" />
  </circle>
  <circle transform=\\"rotate(315 16 16)\\" cx=\\"16\\" cy=\\"3\\" r=\\"0\\">
    <animate attributeName=\\"r\\" values=\\"0;3;0;0\\" dur=\\"1s\\" repeatCount=\\"indefinite\\" begin=\\"0.875s\\" keySplines=\\"0.2 0.2 0.4 0.8;0.2 0.2 0.4 0.8;0.2 0.2 0.4 0.8\\" calcMode=\\"spline\\" />
  </circle>
  <circle transform=\\"rotate(180 16 16)\\" cx=\\"16\\" cy=\\"3\\" r=\\"0\\">
    <animate attributeName=\\"r\\" values=\\"0;3;0;0\\" dur=\\"1s\\" repeatCount=\\"indefinite\\" begin=\\"0.5s\\" keySplines=\\"0.2 0.2 0.4 0.8;0.2 0.2 0.4 0.8;0.2 0.2 0.4 0.8\\" calcMode=\\"spline\\" />
  </circle>
</svg>
",
    }
  }
  style={
    Object {
      "fill": "#7F00FF",
      "height": 64,
      "width": 64,
    }
  }
/>
`;

exports[`renders with error 1`] = `
<div
  className="sc-gzVnrw fPXbEJ"
>
  <div
    aria-live="assertive"
    className="sc-bdVaJa dXBAhf"
    role="alert"
  >
    <p
      className="sc-htpNat bhpHJD"
    >
      Oops! Something went wrong with 
      loading the foo
      !Â 
      <button
        className="sc-bxivhb ErYiX"
        onClick={[Function]}
        type="button"
      >
        Reload page
      </button>
    </p>
    <button
      className="sc-bwzfXH haUZkm"
      onClick={[Function]}
      type="button"
    >
      <svg
        fill="currentColor"
        focusable="false"
        height="1.25em"
        size="1.25em"
        stroke="currentColor"
        strokeWidth="0"
        style={
          Object {
            "color": undefined,
          }
        }
        title="Dismiss alert"
        viewBox="0 0 24 24"
        width="1.25em"
        xmlns="http://www.w3.org/2000/svg"
      >
        <path
          d="M19 6.41L17.59 5 12 10.59 6.41 5 5 6.41 10.59 12 5 17.59 6.41 19 12 13.41 17.59 19 19 17.59 13.41 12z"
        />
      </svg>
    </button>
  </div>
</div>
`;

exports[`renders without crashing 1`] = `
<div>
  foo
</div>
`;
