// Jest Snapshot v1, https://goo.gl/fbAQLP

exports[`renders when empty 1`] = `
<p
  className="sc-jTzLTM dHyGjY"
>
  No comments
</p>
`;

exports[`renders when loading 1`] = `
<div
  className="sc-kGXeez fqyRQz"
  dangerouslySetInnerHTML={
    Object {
      "__html": "<svg xmlns=\\"http://www.w3.org/2000/svg\\" viewBox=\\"0 0 32 32\\">
  <circle cx=\\"16\\" cy=\\"3\\" r=\\"0\\">
    <animate attributeName=\\"r\\" values=\\"0;3;0;0\\" dur=\\"1s\\" repeatCount=\\"indefinite\\" begin=\\"0\\" keySplines=\\"0.2 0.2 0.4 0.8;0.2 0.2 0.4 0.8;0.2 0.2 0.4 0.8\\" calcMode=\\"spline\\" />
  </circle>
  <circle transform=\\"rotate(45 16 16)\\" cx=\\"16\\" cy=\\"3\\" r=\\"0\\">
    <animate attributeName=\\"r\\" values=\\"0;3;0;0\\" dur=\\"1s\\" repeatCount=\\"indefinite\\" begin=\\"0.125s\\" keySplines=\\"0.2 0.2 0.4 0.8;0.2 0.2 0.4 0.8;0.2 0.2 0.4 0.8\\" calcMode=\\"spline\\" />
  </circle>
  <circle transform=\\"rotate(90 16 16)\\" cx=\\"16\\" cy=\\"3\\" r=\\"0\\">
    <animate attributeName=\\"r\\" values=\\"0;3;0;0\\" dur=\\"1s\\" repeatCount=\\"indefinite\\" begin=\\"0.25s\\" keySplines=\\"0.2 0.2 0.4 0.8;0.2 0.2 0.4 0.8;0.2 0.2 0.4 0.8\\" calcMode=\\"spline\\" />
  </circle>
  <circle transform=\\"rotate(135 16 16)\\" cx=\\"16\\" cy=\\"3\\" r=\\"0\\">
    <animate attributeName=\\"r\\" values=\\"0;3;0;0\\" dur=\\"1s\\" repeatCount=\\"indefinite\\" begin=\\"0.375s\\" keySplines=\\"0.2 0.2 0.4 0.8;0.2 0.2 0.4 0.8;0.2 0.2 0.4 0.8\\" calcMode=\\"spline\\" />
  </circle>
  <circle transform=\\"rotate(180 16 16)\\" cx=\\"16\\" cy=\\"3\\" r=\\"0\\">
    <animate attributeName=\\"r\\" values=\\"0;3;0;0\\" dur=\\"1s\\" repeatCount=\\"indefinite\\" begin=\\"0.5s\\" keySplines=\\"0.2 0.2 0.4 0.8;0.2 0.2 0.4 0.8;0.2 0.2 0.4 0.8\\" calcMode=\\"spline\\" />
  </circle>
  <circle transform=\\"rotate(225 16 16)\\" cx=\\"16\\" cy=\\"3\\" r=\\"0\\">
    <animate attributeName=\\"r\\" values=\\"0;3;0;0\\" dur=\\"1s\\" repeatCount=\\"indefinite\\" begin=\\"0.625s\\" keySplines=\\"0.2 0.2 0.4 0.8;0.2 0.2 0.4 0.8;0.2 0.2 0.4 0.8\\" calcMode=\\"spline\\" />
  </circle>
  <circle transform=\\"rotate(270 16 16)\\" cx=\\"16\\" cy=\\"3\\" r=\\"0\\">
    <animate attributeName=\\"r\\" values=\\"0;3;0;0\\" dur=\\"1s\\" repeatCount=\\"indefinite\\" begin=\\"0.75s\\" keySplines=\\"0.2 0.2 0.4 0.8;0.2 0.2 0.4 0.8;0.2 0.2 0.4 0.8\\" calcMode=\\"spline\\" />
  </circle>
  <circle transform=\\"rotate(315 16 16)\\" cx=\\"16\\" cy=\\"3\\" r=\\"0\\">
    <animate attributeName=\\"r\\" values=\\"0;3;0;0\\" dur=\\"1s\\" repeatCount=\\"indefinite\\" begin=\\"0.875s\\" keySplines=\\"0.2 0.2 0.4 0.8;0.2 0.2 0.4 0.8;0.2 0.2 0.4 0.8\\" calcMode=\\"spline\\" />
  </circle>
  <circle transform=\\"rotate(180 16 16)\\" cx=\\"16\\" cy=\\"3\\" r=\\"0\\">
    <animate attributeName=\\"r\\" values=\\"0;3;0;0\\" dur=\\"1s\\" repeatCount=\\"indefinite\\" begin=\\"0.5s\\" keySplines=\\"0.2 0.2 0.4 0.8;0.2 0.2 0.4 0.8;0.2 0.2 0.4 0.8\\" calcMode=\\"spline\\" />
  </circle>
</svg>
",
    }
  }
  style={
    Object {
      "fill": "#7F00FF",
      "height": 64,
      "width": 64,
    }
  }
/>
`;

exports[`renders with load error 1`] = `
<div
  className="sc-chPdSV iHoWTf"
>
  <div
    aria-live="assertive"
    className="sc-bdVaJa dXBAhf"
    role="alert"
  >
    <p
      className="sc-htpNat bhpHJD"
    >
      Oops! Something went wrong with 
      loading the comments
      !Â 
      <button
        className="sc-bxivhb ErYiX"
        onClick={[Function]}
        type="button"
      >
        Reload page
      </button>
    </p>
    <button
      className="sc-bwzfXH haUZkm"
      onClick={[Function]}
      type="button"
    >
      <svg
        fill="currentColor"
        focusable="false"
        height="1.25em"
        size="1.25em"
        stroke="currentColor"
        strokeWidth="0"
        style={
          Object {
            "color": undefined,
          }
        }
        title="Dismiss alert"
        viewBox="0 0 24 24"
        width="1.25em"
        xmlns="http://www.w3.org/2000/svg"
      >
        <path
          d="M19 6.41L17.59 5 12 10.59 6.41 5 5 6.41 10.59 12 5 17.59 6.41 19 12 13.41 17.59 19 19 17.59 13.41 12z"
        />
      </svg>
    </button>
  </div>
</div>
`;

exports[`renders without crashing 1`] = `
<ul
  className="sc-kgoBCf dbbukP"
>
  <li
    className="sc-fjdhpX hXRbNK"
    itemProp="comment"
    itemScope={true}
    itemType="http://schema.org/Comment"
  >
    <article>
      <header
        className="sc-gqjmRU dBUhVe"
      >
        <span
          className="sc-VigVT djDVvN"
          itemProp="author"
        >
          fred-astaire
        </span>
        <time
          dateTime="2019-10-09T10:11:12.123Z"
          itemProp="dateCreated"
          title="2019-10-09T10:11:12.123Z"
        >
          3 weeks ago
        </time>
      </header>
      <div
        itemProp="text"
      >
        <div
          className="sc-bZQynM kESxfG"
        >
          <p>
            Sed do eiusmod tempor incididunt ut labore et dolore.
          </p>
        </div>
      </div>
      <footer
        className="sc-dnqmqq fWoffO"
      >
        <nav
          className="sc-iwsKbI eoiWGh"
        >
          <button
            aria-controls="overflow-menu-comment-comment1"
            aria-expanded={false}
            aria-haspopup="true"
            className="sc-gZMcBi kfjqfz"
            onClick={[Function]}
            type="button"
          >
            <svg
              fill="currentColor"
              focusable={false}
              height="1.5em"
              size="1.5em"
              stroke="currentColor"
              strokeWidth="0"
              style={
                Object {
                  "color": undefined,
                }
              }
              title="More actions"
              viewBox="0 0 24 24"
              width="1.5em"
              xmlns="http://www.w3.org/2000/svg"
            >
              <path
                d="M12 8c1.1 0 2-.9 2-2s-.9-2-2-2-2 .9-2 2 .9 2 2 2zm0 2c-1.1 0-2 .9-2 2s.9 2 2 2 2-.9 2-2-.9-2-2-2zm0 6c-1.1 0-2 .9-2 2s.9 2 2 2 2-.9 2-2-.9-2-2-2z"
              />
            </svg>
          </button>
        </nav>
      </footer>
    </article>
  </li>
  <li
    className="sc-fjdhpX hXRbNK"
    itemProp="comment"
    itemScope={true}
    itemType="http://schema.org/Comment"
  >
    <article>
      <header
        className="sc-gqjmRU dBUhVe"
      >
        <span
          className="sc-VigVT djDVvN"
          itemProp="author"
        >
          fred-astaire
        </span>
        <time
          dateTime="2019-10-08T07:08:09.101Z"
          itemProp="dateCreated"
          title="2019-10-08T07:08:09.101Z"
        >
          3 weeks ago
        </time>
      </header>
      <div
        itemProp="text"
      >
        <p
          className="sc-jzJRlG cnQzZH"
        >
          [deleted]
        </p>
      </div>
    </article>
  </li>
  <li
    className="sc-fjdhpX hXRbNK"
    itemProp="comment"
    itemScope={true}
    itemType="http://schema.org/Comment"
  >
    <article>
      <header
        className="sc-gqjmRU dBUhVe"
      >
        <span
          className="sc-VigVT djDVvN"
          itemProp="author"
        >
          fred-astaire
        </span>
        <time
          dateTime="2019-09-30T01:02:03.456Z"
          itemProp="dateCreated"
          title="2019-09-30T01:02:03.456Z"
        >
          1 month ago
        </time>
      </header>
      <div
        itemProp="text"
      >
        <div
          className="sc-bZQynM kESxfG"
        >
          <p>
            Quis nostrud exercitation ullamco laboris nisi ut.
          </p>
        </div>
      </div>
      <footer
        className="sc-dnqmqq fWoffO"
      >
        <nav
          className="sc-iwsKbI eoiWGh"
        >
          <button
            aria-controls="overflow-menu-comment-comment3"
            aria-expanded={false}
            aria-haspopup="true"
            className="sc-gZMcBi kfjqfz"
            onClick={[Function]}
            type="button"
          >
            <svg
              fill="currentColor"
              focusable={false}
              height="1.5em"
              size="1.5em"
              stroke="currentColor"
              strokeWidth="0"
              style={
                Object {
                  "color": undefined,
                }
              }
              title="More actions"
              viewBox="0 0 24 24"
              width="1.5em"
              xmlns="http://www.w3.org/2000/svg"
            >
              <path
                d="M12 8c1.1 0 2-.9 2-2s-.9-2-2-2-2 .9-2 2 .9 2 2 2zm0 2c-1.1 0-2 .9-2 2s.9 2 2 2 2-.9 2-2-.9-2-2-2zm0 6c-1.1 0-2 .9-2 2s.9 2 2 2 2-.9 2-2-.9-2-2-2z"
              />
            </svg>
          </button>
        </nav>
      </footer>
    </article>
  </li>
</ul>
`;
