// Jest Snapshot v1, https://goo.gl/fbAQLP

exports[`renders without crashing 1`] = `
<p
  className="sc-bdVaJa hlgrlQ"
>
  No items
</p>
`;
