// Jest Snapshot v1, https://goo.gl/fbAQLP

exports[`renders without crashing 1`] = `
<input
  className="sc-bdVaJa IQMHj"
  onChange={[Function]}
  value="Lorem ipsum"
/>
`;
