// Jest Snapshot v1, https://goo.gl/fbAQLP

exports[`renders without crashing 1`] = `
<ul
  className="sc-bdVaJa dxqlea"
  id="dropdown-menu"
  role="menu"
>
  <li
    role="menuitem"
  >
    <button
      className="sc-bwzfXH hxEwoI"
      onClick={[Function]}
      type="button"
    >
      <svg
        aria-hidden="true"
        fill="currentColor"
        focusable="false"
        height="1.25em"
        size="1.25em"
        stroke="currentColor"
        strokeWidth="0"
        style={
          Object {
            "color": undefined,
          }
        }
        viewBox="0 0 24 24"
        width="1.25em"
        xmlns="http://www.w3.org/2000/svg"
      >
        <path
          d="M19 13h-6v6h-2v-6H5v-2h6V5h2v6h6v2z"
        />
      </svg>
      Add
    </button>
  </li>
  <li
    role="menuitem"
  >
    <button
      className="sc-bwzfXH hxEwoI"
      onClick={[Function]}
      type="button"
    >
      <svg
        aria-hidden="true"
        fill="currentColor"
        focusable="false"
        height="1.25em"
        size="1.25em"
        stroke="currentColor"
        strokeWidth="0"
        style={
          Object {
            "color": undefined,
          }
        }
        viewBox="0 0 24 24"
        width="1.25em"
        xmlns="http://www.w3.org/2000/svg"
      >
        <path
          d="M3 17.25V21h3.75L17.81 9.94l-3.75-3.75L3 17.25zM20.71 7.04c.39-.39.39-1.02 0-1.41l-2.34-2.34c-.39-.39-1.02-.39-1.41 0l-1.83 1.83 3.75 3.75 1.83-1.83z"
        />
      </svg>
      Edit
    </button>
  </li>
  <li
    role="menuitem"
  >
    <button
      className="sc-bwzfXH hxEwoI"
      onClick={[Function]}
      type="button"
    >
      <svg
        aria-hidden="true"
        fill="currentColor"
        focusable="false"
        height="1.25em"
        size="1.25em"
        stroke="currentColor"
        strokeWidth="0"
        style={
          Object {
            "color": undefined,
          }
        }
        viewBox="0 0 24 24"
        width="1.25em"
        xmlns="http://www.w3.org/2000/svg"
      >
        <path
          d="M6 19c0 1.1.9 2 2 2h8c1.1 0 2-.9 2-2V7H6v12zM19 4h-3.5l-1-1h-5l-1 1H5v2h14V4z"
        />
      </svg>
      Delete
    </button>
  </li>
</ul>
`;
